../Core/Inc/arm_math.h:4795:29:arm_pid_f32	32	static
../Core/Src/main.c:127:6:SaveParameters	8	static
../Core/Src/main.c:135:6:HAL_UART_RxCpltCallback	16	static
../Core/Src/main.c:140:6:NEXTION_SendString	72	static
../Core/Src/main.c:148:6:NEXTION_SendFloat	80	static
../Core/Src/main.c:155:6:NEXTION_SenduInt	72	static
../Core/Src/main.c:162:6:NEXTION_CMD	16	static
../Core/Src/main.c:167:6:UpdatePage	8	static
../Core/Src/main.c:176:6:NextionDrawDot	72	static
../Core/Src/main.c:184:6:NextionDrawTemp	72	static
../Core/Src/main.c:194:11:HandleKeyPad	16	static
../Core/Src/main.c:225:6:Update_Page_3	24	static
../Core/Src/main.c:240:6:Update_Page_0	48	static
../Core/Src/main.c:268:6:Update_Page_2	24	static
../Core/Src/main.c:281:6:HandleGui	152	static
../Core/Src/main.c:548:6:HAL_TIM_PeriodElapsedCallback	40	static
../Core/Src/main.c:614:6:setReflowParameters	8	static
../Core/Src/main.c:627:6:calculateReflowCurve	48	static
../Core/Src/main.c:685:6:Draw_Reflow_Curve	40	static
../Core/Src/main.c:706:6:startReflow	8	static
../Core/Src/main.c:714:6:stopReflow	8	static
../Core/Src/main.c:728:5:main	8	static
../Core/Src/main.c:840:6:SystemClock_Config	72	static
../Core/Src/main.c:879:13:MX_SPI1_Init	8	static
../Core/Src/main.c:917:13:MX_TIM1_Init	80	static
../Core/Src/main.c:982:13:MX_TIM4_Init	32	static
../Core/Src/main.c:1027:13:MX_USART1_UART_Init	8	static
../Core/Src/main.c:1060:13:MX_GPIO_Init	32	static
../Core/Src/main.c:1102:6:Error_Handler	4	static,ignoring_inline_asm
